src/features/meetings/components/InMeetingControls.tsx(17,1): error TS6133: 'Participant' is declared but its value is never read.
src/features/meetings/components/InMeetingControls.tsx(128,3): error TS6133: 'active' is declared but its value is never read.
src/features/meetings/components/MeetingGridView.tsx(28,30): error TS2339: Property 'avatar' does not exist on type 'Participant'.
src/layouts/components/DashboardTopNav.tsx(47,48): error TS2345: Argument of type 'string | number' is not assignable to parameter of type 'string'.
  Type 'number' is not assignable to type 'string'.
src/layouts/components/DashboardTopNav.tsx(117,19): error TS2322: Type '1 | 2 | "Member"' is not assignable to type 'string | undefined'.
  Type 'number' is not assignable to type 'string'.
